[
["Afghanistan", "500"],
["Algeria", "500"],
["Angola", "38000"],
["Anguilla", ""],
["Antigua and Barbuda", "0"],
["Armenia", "0"],
["Aruba", "0"],
["Azerbaijan", "0"],
["Bahamas, The", "200"],
["Bangladesh", "500"],
["Barbados", "0"],
["Belarus", "500"],
["Belize", "200"],
["Benin", "4600"],
["Bermuda", "0"],
["Bhutan", "0"],
["Botswana", "14000"],
["British Virgin Islands", "0"],
["Burkina Faso", "9100"],
["Burundi", "11000"],
["Cabo Verde", "0"],
["Cambodia", "3300"],
["Cameroon", "43000"],
["Cayman Islands", "0"],
["Central African Republic", "11000"],
["Chad", "16000"],
["Comoros", "0"],
["Congo, Dem. Rep.", "64000"],
["Congo, Rep.", "7700"],
["Cook Islands", ""],
["Costa Rica", "0"],
["Cote d'Ivoire", "31000"],
["Cuba", "100"],
["Curacao", "0"],
["Djibouti", "810"],
["Dominica", "0"],
["Dominican Republic", "1400"],
["Egypt, Arab Rep.", "500"],
["El Salvador", "610"],
["Equatorial Guinea", "5300"],
["Eritrea", "1300"],
["Eswatini", "11000"],
["Ethiopia", "36000"],
["Fiji", "0"],
["Gabon", "3200"],
["Gambia, The", "1900"],
["Georgia", "0"],
["Ghana", "30000"],
["Grenada", "0"],
["Guatemala", "2000"],
["Guinea", "10000"],
["Guinea-Bissau", "5700"],
["Guyana", "500"],
["Haiti", "8700"],
["Honduras", "890"],
["India", "0"],
["Indonesia", "18000"],
["Jamaica", "500"],
["Kazakhstan", "500"],
["Kenya", "120000"],
["Kiribati", "0"],
["Korea, Dem. People’s Rep.", "0"],
["Kyrgyz Republic", "500"],
["Lao PDR", "700"],
["Lesotho", "12000"],
["Liberia", "3700"],
["Libya", "500"],
["Madagascar", "1900"],
["Malawi", "74000"],
["Maldives", "0"],
["Mali", "19000"],
["Marshall Islands", "0"],
["Mauritania", "500"],
["Mauritius", "100"],
["Micronesia, Fed. Sts.", "0"],
["Moldova", "500"],
["Mongolia", "0"],
["Montserrat", ""],
["Morocco", "560"],
["Mozambique", "140000"],
["Myanmar", "9800"],
["Namibia", "11000"],
["Nauru", "0"],
["Nepal", "1400"],
["Nicaragua", "500"],
["Niger", "2500"],
["Nigeria", "140000"],
["Pakistan", "5500"],
["Palau", "0"],
["Panama", "500"],
["Papua New Guinea", "2900"],
["Philippines", "500"],
["Rwanda", "12000"],
["Samoa", "0"],
["Sao Tome and Principe", "0"],
["Senegal", "4500"],
["Seychelles", "0"],
["Sierra Leone", "6600"],
["Sint Maarten (Dutch part)", "0"],
["Solomon Islands", "0"],
["Somalia", "1300"],
["South Africa", "260000"],
["South Sudan", "16000"],
["Sri Lanka", "0"],
["St. Kitts and Nevis", "0"],
["St. Lucia", "0"],
["St. Vincent and the Grenadines", "0"],
["Sudan", "4200"],
["Suriname", "100"],
["Tajikistan", "540"],
["Tanzania", "92000"],
["Thailand", "3200"],
["Timor-Leste", "0"],
["Togo", "12000"],
["Tonga", "0"],
["Trinidad and Tobago", "0"],
["Tunisia", "0"],
["Turkmenistan", "0"],
["Turks and Caicos Islands", "0"],
["Tuvalu", "0"],
["Uganda", "100000"],
["Ukraine", "850"],
["Uzbekistan", "6000"],
["Vanuatu", "0"],
["Vietnam", "5000"],
["Zambia", "62000"],
["Zimbabwe", "84000"]
]
