[
["Afghanistan", "840"],
["Algeria", "1300"],
["Angola", "28000"],
["Anguilla", ""],
["Antigua and Barbuda", "0"],
["Armenia", "200"],
["Aruba", "0"],
["Azerbaijan", "0"],
["Bahamas, The", "500"],
["Bangladesh", "1600"],
["Barbados", "200"],
["Belarus", "2000"],
["Belize", "500"],
["Benin", "3800"],
["Bermuda", "0"],
["Bhutan", "100"],
["Botswana", "8500"],
["British Virgin Islands", "0"],
["Burkina Faso", "2400"],
["Burundi", "1700"],
["Cabo Verde", "200"],
["Cambodia", "880"],
["Cameroon", "23000"],
["Cayman Islands", "0"],
["Central African Republic", "5500"],
["Chad", "6500"],
["Comoros", "100"],
["Congo, Dem. Rep.", "19000"],
["Congo, Rep.", "5300"],
["Cook Islands", ""],
["Costa Rica", "1000"],
["Cote d'Ivoire", "17000"],
["Cuba", "1700"],
["Curacao", "0"],
["Djibouti", "540"],
["Dominica", "0"],
["Dominican Republic", "2700"],
["Egypt, Arab Rep.", "3600"],
["El Salvador", "700"],
["Equatorial Guinea", "5100"],
["Eritrea", "580"],
["Eswatini", "7800"],
["Ethiopia", "23000"],
["Fiji", "0"],
["Gabon", "2000"],
["Gambia, The", "2200"],
["Georgia", "710"],
["Ghana", "20000"],
["Grenada", "0"],
["Guatemala", "2300"],
["Guinea", "6600"],
["Guinea-Bissau", "2600"],
["Guyana", "500"],
["Haiti", "7300"],
["Honduras", "800"],
["India", "0"],
["Indonesia", "46000"],
["Jamaica", "2400"],
["Kazakhstan", "2600"],
["Kenya", "46000"],
["Kiribati", "0"],
["Korea, Dem. People’s Rep.", "0"],
["Kyrgyz Republic", "570"],
["Lao PDR", "570"],
["Lesotho", "13000"],
["Liberia", "1900"],
["Libya", "500"],
["Madagascar", "6100"],
["Malawi", "38000"],
["Maldives", "0"],
["Mali", "14000"],
["Marshall Islands", "0"],
["Mauritania", "200"],
["Mauritius", "910"],
["Micronesia, Fed. Sts.", "0"],
["Moldova", "1000"],
["Mongolia", "100"],
["Montserrat", ""],
["Morocco", "900"],
["Mozambique", "150000"],
["Myanmar", "11000"],
["Namibia", "6100"],
["Nauru", "0"],
["Nepal", "900"],
["Nicaragua", "500"],
["Niger", "1700"],
["Nigeria", "130000"],
["Pakistan", "22000"],
["Palau", "0"],
["Panama", "1300"],
["Papua New Guinea", "2100"],
["Philippines", "13000"],
["Rwanda", "3600"],
["Samoa", "0"],
["Sao Tome and Principe", "0"],
["Senegal", "1300"],
["Seychelles", "0"],
["Sierra Leone", "4100"],
["Sint Maarten (Dutch part)", "0"],
["Solomon Islands", "0"],
["Somalia", "500"],
["South Africa", "240000"],
["South Sudan", "19000"],
["Sri Lanka", "200"],
["St. Kitts and Nevis", "0"],
["St. Lucia", "0"],
["St. Vincent and the Grenadines", "0"],
["Sudan", "5200"],
["Suriname", "500"],
["Tajikistan", "840"],
["Tanzania", "72000"],
["Thailand", "6400"],
["Timor-Leste", "0"],
["Togo", "5000"],
["Tonga", "0"],
["Trinidad and Tobago", "0"],
["Tunisia", "500"],
["Turkmenistan", "0"],
["Turks and Caicos Islands", "0"],
["Tuvalu", "0"],
["Uganda", "53000"],
["Ukraine", "12000"],
["Uzbekistan", "5400"],
["Vanuatu", "0"],
["Vietnam", "5700"],
["Zambia", "48000"],
["Zimbabwe", "38000"]
]
