[
["Afghanistan", "13"],
["Algeria", "81"],
["Angola", "27"],
["Anguilla", ""],
["Antigua and Barbuda", "0"],
["Armenia", "53"],
["Aruba", "0"],
["Azerbaijan", "0"],
["Bahamas, The", "52"],
["Bangladesh", "22"],
["Barbados", "50"],
["Belarus", "59"],
["Belize", "28"],
["Benin", "61"],
["Bermuda", "0"],
["Bhutan", "37"],
["Botswana", "83"],
["British Virgin Islands", "0"],
["Burkina Faso", "62"],
["Burundi", "80"],
["Cabo Verde", "89"],
["Cambodia", "81"],
["Cameroon", "52"],
["Cayman Islands", "0"],
["Central African Republic", "36"],
["Chad", "51"],
["Comoros", "79"],
["Congo, Dem. Rep.", "57"],
["Congo, Rep.", "35"],
["Cook Islands", ""],
["Costa Rica", "49"],
["Cote d'Ivoire", "55"],
["Cuba", "72"],
["Curacao", "0"],
["Djibouti", "30"],
["Dominica", "0"],
["Dominican Republic", "56"],
["Egypt, Arab Rep.", "31"],
["El Salvador", "47"],
["Equatorial Guinea", "34"],
["Eritrea", "51"],
["Eswatini", "86"],
["Ethiopia", "65"],
["Fiji", "0"],
["Gabon", "67"],
["Gambia, The", "29"],
["Georgia", "49"],
["Ghana", "34"],
["Grenada", "0"],
["Guatemala", "43"],
["Guinea", "40"],
["Guinea-Bissau", "33"],
["Guyana", "68"],
["Haiti", "58"],
["Honduras", "50"],
["India", "0"],
["Indonesia", "17"],
["Jamaica", "31"],
["Kazakhstan", "58"],
["Kenya", "68"],
["Kiribati", "0"],
["Korea, Dem. People’s Rep.", "0"],
["Kyrgyz Republic", "43"],
["Lao PDR", "54"],
["Lesotho", "61"],
["Liberia", "35"],
["Libya", "44"],
["Madagascar", "9"],
["Malawi", "78"],
["Maldives", "0"],
["Mali", "31"],
["Marshall Islands", "0"],
["Mauritania", "54"],
["Mauritius", "22"],
["Micronesia, Fed. Sts.", "0"],
["Moldova", "34"],
["Mongolia", "32"],
["Montserrat", ""],
["Morocco", "65"],
["Mozambique", "56"],
["Myanmar", "70"],
["Namibia", "92"],
["Nauru", "0"],
["Nepal", "56"],
["Nicaragua", "53"],
["Niger", "54"],
["Nigeria", "53"],
["Pakistan", "10"],
["Palau", "0"],
["Panama", "54"],
["Papua New Guinea", "65"],
["Philippines", "44"],
["Rwanda", "87"],
["Samoa", "0"],
["Sao Tome and Principe", "0"],
["Senegal", "63"],
["Seychelles", "0"],
["Sierra Leone", "41"],
["Sint Maarten (Dutch part)", "0"],
["Solomon Islands", "0"],
["Somalia", "30"],
["South Africa", "62"],
["South Sudan", "16"],
["Sri Lanka", "45"],
["St. Kitts and Nevis", "0"],
["St. Lucia", "0"],
["St. Vincent and the Grenadines", "0"],
["Sudan", "15"],
["Suriname", "52"],
["Tajikistan", "46"],
["Tanzania", "71"],
["Thailand", "75"],
["Timor-Leste", "0"],
["Togo", "60"],
["Tonga", "0"],
["Trinidad and Tobago", "0"],
["Tunisia", "39"],
["Turkmenistan", "0"],
["Turks and Caicos Islands", "0"],
["Tuvalu", "0"],
["Uganda", "72"],
["Ukraine", "52"],
["Uzbekistan", "51"],
["Vanuatu", "0"],
["Vietnam", "65"],
["Zambia", "78"],
["Zimbabwe", "88"]
]
